// Jest Snapshot v1, https://goo.gl/fbAQLP

exports[`renders Select correctly 1`] = `
<select
  className="select"
  onChange={[Function]}
  value=""
/>
`;
