// Jest Snapshot v1, https://goo.gl/fbAQLP

exports[`render Repositories correctly 1`] = `
<div
  className="repositories"
/>
`;
